
[1m[46m RUN [49m[22m [36mv4.1.3 [39m[90mC:/Users/dbcdk/Desktop/RISK GUARD[39m

 [31m??[39m src/test/formServiceRiskLegalBasis.test.ts [2m([22m[2m12 tests[22m[2m | [22m[31m1 failed[39m[2m)[22m[32m 27[2mms[22m[39m
     [32m??[39m maps storage law basis per hazard when strict context matches[32m 9[2mms[22m[39m
     [32m??[39m distributes legal basis across rows when eligible alternatives exist[32m 3[2mms[22m[39m
     [32m??[39m returns empty legal basis when strict confidence is not met[32m 0[2mms[22m[39m
     [32m??[39m allows legal basis reuse when no alternative article is eligible[32m 1[2mms[22m[39m
     [32m??[39m returns empty when only actionItems exist without storage article title cross-check[32m 0[2mms[22m[39m
[31m     [31m횞[31m returns strict format only when storage title is confirmed[39m[32m 6[2mms[22m[39m
     [32m??[39m returns empty when only context hint exists without work/equipment token matches[32m 1[2mms[22m[39m
     [32m??[39m prefers storage evidence over action candidate when both are eligible[32m 0[2mms[22m[39m
     [32m??[39m normalizes work process/category and appends article title in legal basis[32m 1[2mms[22m[39m
     [32m??[39m maps chemical to environment and noise-dust-repetitive to task-characteristic[32m 1[2mms[22m[39m
     [32m??[39m reclassifies rows with priority: electrical > management > human > hazard-type[32m 1[2mms[22m[39m
     [32m??[39m builds complete per-row measures, suppresses duplicates, and keeps length within 60[32m 1[2mms[22m[39m
npx : 
위치 줄:1 문자:1
+ npx vitest run src/test/formServiceRiskLegalBa
sis.test.ts > vitest_ou ...
+ ~~~~~~~~~~~~~~~~~~~~~~~~~~~~~~~~~~~~~~~~~~~~~~
~~~~~~~~~~~~~~~~~~~~~~~
    + CategoryInfo          : NotSpecified: (:S 
   tring) [], RemoteException
    + FullyQualifiedErrorId : NativeCommandErro 
   r
 
[31m??렞??렞??렞??[39m[1m[41m Failed Tests 1 [4
9m[22m[31m??렞??렞??렞??[39m

[41m[1m FAIL [22m[49m src/test/formServiceRi
skLegalBasis.test.ts[2m > [22mFormService risk
 legal basis mapping[2m > [22mreturns strict f
ormat only when storage title is confirmed
[31m[1mAssertionError[22m: expected '?곗뾽?덉쟾蹂닿
굔湲곗???愿??洹쒖튃 ??01議??꾧린湲곌퀎쨌湲곌뎄 ?깆쓽 異⑹쟾遺 ?? to b
e '' // Object.is equality[39m

[32m- Expected[39m
[31m+ Received[39m

[31m+ ?곗뾽?덉쟾蹂닿굔湲곗???愿??洹쒖튃 ??01議??꾧린湲곌퀎쨌湲곌뎄 ?깆
쓽 異⑹쟾遺 諛⑺샇)[39m

[36m [2m??[22m src/test/formServiceRiskLegalBa
sis.test.ts:[2m255:24[22m[39m
    [90m253|[39m     )[33m;[39m
    [90m254|[39m
    [90m255|[39m     [34mexpect[39m(legalBas
is)[33m.[39m[34mtoBe[39m([32m""[39m)[33m;
[39m
    [90m   |[39m                        [31m^
[39m
    [90m256|[39m   })[33m;[39m
    [90m257|[39m

[31m[2m??렞??렞??렞??렞??렞??렞??렞??렞??렞??렞??렞??렞[1/
1]??[22m[39m


[2m Test Files [22m [1m[31m1 failed[39m[22m[90m (1)[39m
[2m      Tests [22m [1m[31m1 failed[39m[22m[2m | [22m[1m[32m11 passed[39m[22m[90m (12)[39m
[2m   Start at [22m 11:48:32
[2m   Duration [22m 2.68s[2m (transform 135ms, setup 237ms, import 230ms, tests 27ms, environment 1.79s)[22m

